[Bootstrap]
SetupTitle=Install
SetupText=Copying Files, please stand by.
CabFile=SRG_Recursos_Humanos.CAB
Spawn=Setup1.exe
Uninstal=st6unst.exe
TmpDir=msftqws.pdw
Cabs=1

[Bootstrap Files]
File1=@VB6STKIT.DLL,$(WinSysPathSysFile),,,7/14/00 10:00:00 PM,101888,6.0.84.50
File2=@COMCAT.DLL,$(WinSysPathSysFile),$(DLLSelfRegister),,5/31/98 1:00:00 AM,22288,4.71.1460.1
File3=@ASYCFILT.DLL,$(WinSysPathSysFile),,,3/8/99 12:00:00 AM,147728,2.40.4275.1
File4=@OLEPRO32.DLL,$(WinSysPathSysFile),$(DLLSelfRegister),,3/8/99 12:00:00 AM,164112,5.0.4275.1
File5=@OLEAUT32.DLL,$(WinSysPathSysFile),$(DLLSelfRegister),,4/12/00 12:00:00 AM,598288,2.40.4275.1
File6=@STDOLE2.TLB,$(WinSysPathSysFile),$(TLBRegister),,6/3/99 12:00:00 AM,17920,2.40.4275.1
File7=@msvbvm60.dll,$(WinSysPathSysFile),$(DLLSelfRegister),,7/13/09 8:15:50 PM,1386496,6.0.98.15

[IconGroups]
Group0=Sistema de Recursos Humanos
PrivateGroup0=-1
Parent0=$(Programs)

[Sistema de Recursos Humanos]
Icon1="SRG_Recursos_Humanos.exe"
Title1=Sistema de Recursos Humanos
StartIn1=$(AppPath)

[Setup]
Title=Sistema de Recursos Humanos
DefaultDir=$(ProgramFiles)\Sistema de Recursos Humanos
AppExe=SRG_Recursos_Humanos.exe
AppToUninstall=SRG_Recursos_Humanos.exe

[Setup1 Files]
File1=@0.REG,$(AppPath),0.REG,,6/20/17 12:50:12 PM,162,0.0.0.0
File2=@MDAC_TYP.EXE,$(AppPath),,$(Shared),6/26/98 1:00:00 AM,8124720,4.71.1015.0
File3=@MSCOMCTL.OCX,$(WinSysPath),$(DLLSelfRegister),$(Shared),12/9/15 7:58:16 PM,1070232,6.1.98.46
File4=@MSCOMM32.OCX,$(WinSysPath),$(DLLSelfRegister),$(Shared),6/24/98 1:00:00 AM,103744,6.0.81.69
File5=@COMCT332.OCX,$(WinSysPath),$(DLLSelfRegister),$(Shared),3/9/04 12:00:00 AM,416528,6.7.0.9782
File6=@COMCT232.OCX,$(WinSysPath),$(DLLSelfRegister),$(Shared),6/24/98 1:00:00 AM,164144,6.0.80.22
File7=@COMCTL32.OCX,$(WinSysPath),$(DLLSelfRegister),$(Shared),3/9/04 12:00:00 AM,609824,6.0.81.5
File8=@MSCHRT20.OCX,$(WinSysPath),$(DLLSelfRegister),$(Shared),3/9/04 12:00:00 AM,1010720,6.0.88.4
File9=@u2lsamp1.dll,$(WinSysPath),,$(Shared),11/8/00 4:46:00 PM,24576,8.0.0.1
File10=@u2fxls.dll,$(WinSysPath),,$(Shared),2/3/01 9:05:56 AM,212992,8.5.0.99
File11=@u2fwordw.dll,$(WinSysPath),,$(Shared),2/3/01 9:05:56 AM,106496,8.5.0.92
File12=@u2fwks.dll,$(WinSysPath),,$(Shared),11/8/00 4:46:00 PM,40960,8.0.0.4
File13=@u2frec.dll,$(WinSysPath),,$(Shared),2/3/01 9:05:56 AM,36864,8.5.0.27
File14=@u2fodbc.dll,$(WinSysPath),,$(Shared),2/3/01 9:05:56 AM,49152,8.5.0.10
File15=@u2fhtml.dll,$(WinSysPath),,$(Shared),2/3/01 9:05:56 AM,45056,8.5.0.77
File16=@u2dvim.dll,$(WinSysPath),,$(Shared),11/8/00 4:46:00 PM,57344,8.0.0.0
File17=@u2dnotes.dll,$(WinSysPath),,$(Shared),11/8/00 4:46:00 PM,53248,8.0.100.2
File18=@u2dmapi.dll,$(WinSysPath),,$(Shared),11/8/00 4:46:00 PM,40960,8.0.0.0
File19=@p2soledb.dll,$(WinSysPath),,$(Shared),2/3/01 4:26:50 AM,204800,8.5.0.20
File20=@p2ssyb10.dll,$(WinSysPath),,$(Shared),2/3/01 4:26:50 AM,159744,8.5.0.18
File21=@p2ssql.dll,$(WinSysPath),,$(Shared),2/3/01 4:26:50 AM,168000,8.5.0.19
File22=@p2sora7.dll,$(WinSysPath),,$(Shared),2/3/01 4:26:50 AM,167936,8.5.0.21
File23=@p2sodbc.dll,$(WinSysPath),,$(Shared),2/3/01 4:26:54 AM,286720,8.5.0.72
File24=@P2smon.dll,$(WinSysPath),,$(Shared),2/3/01 4:26:54 AM,163840,8.5.0.12
File25=@p2sifmx.dll,$(WinSysPath),,$(Shared),2/3/01 4:26:50 AM,167936,8.5.0.19
File26=@p2irdao.dll,$(WinSysPath),,$(Shared),2/3/01 4:26:54 AM,65536,8.5.0.6
File27=@p2ctdao.dll,$(WinSysPath),,$(Shared),2/3/01 4:26:54 AM,53248,8.5.0.6
File28=@p2bxbse.dll,$(WinSysPath),,$(Shared),2/3/01 4:26:48 AM,249856,8.5.0.7
File29=@p2bdao.dll,$(WinSysPath),,$(Shared),2/3/01 4:26:54 AM,94208,8.5.0.7
File30=@P2bbnd.dll,$(WinSysPath),,$(Shared),11/8/00 4:46:00 PM,23040,8.0.0.1
File31=@Crxlat32.dll,$(WinSysPath),,$(Shared),10/25/00 8:15:00 PM,24576,8.0.0.0
File32=@mfc42.dll,$(WinSysPath),$(DLLSelfRegister),$(Shared),3/11/11 12:33:59 AM,1137664,6.6.8064.0
File33=@Crpaig80.dll,$(WinSysPath),,$(Shared),11/9/00 4:52:00 PM,618496,8.0.1.3
File34=@sscsdk80.dll,$(CommonFiles)\Crystal Decisions\2.5\bin,,$(Shared),12/10/03 1:23:00 AM,1249280,10.0.0.6
File35=@u252000.dll,$(CommonFiles)\Crystal Decisions\2.5\bin,,$(Shared),12/10/03 2:47:30 AM,28745,10.0.0.12
File36=@u2ldts.dll,$(CommonFiles)\Crystal Decisions\2.5\bin,,$(Shared),12/10/03 2:47:48 AM,28737,10.0.0.12
File37=@u2lcom.dll,$(CommonFiles)\Crystal Decisions\2.5\bin,,$(Shared),12/10/03 2:47:22 AM,49217,10.0.0.21
File38=@u2l2000.dll,$(CommonFiles)\Crystal Decisions\2.5\bin,,$(Shared),12/10/03 2:47:40 AM,28745,10.0.0.14
File39=@u25dts.dll,$(CommonFiles)\Crystal Decisions\2.5\bin,,$(Shared),12/10/03 2:47:08 AM,28737,10.0.0.14
File40=@crtslv.dll,$(CommonFiles)\Crystal Decisions\2.5\bin,$(dllSelfRegister),$(Shared),12/10/03 12:07:32 AM,78922,10.0.0.533
File41=@ExportModeller.dll,$(CommonFiles)\Crystal Decisions\2.5\bin,$(dllSelfRegister),$(Shared),12/10/03 2:19:58 AM,499809,10.0.0.579
File42=@crxf_pdf.dll,$(CommonFiles)\Crystal Decisions\2.5\bin,,$(Shared),12/10/03 2:23:18 AM,417872,10.0.0.594
File43=@u2ftext.dll,$(CommonFiles)\Crystal Decisions\2.5\bin,,$(Shared),12/10/03 2:26:46 AM,163840,10.0.0.584
File44=@u2fsepv.dll,$(CommonFiles)\Crystal Decisions\2.5\bin,,$(Shared),11/8/00 3:46:00 PM,36864,8.0.0.9
File45=@crxf_rtf.dll,$(CommonFiles)\Crystal Decisions\2.5\bin,,$(Shared),12/10/03 2:23:30 AM,176208,10.0.0.600
File46=@u2fcr.dll,$(CommonFiles)\Crystal Decisions\2.5\bin,,$(Shared),3/1/07 6:50:16 AM,94208,11.5.8.826
File47=@u2dapp.dll,$(CommonFiles)\Crystal Decisions\2.5\bin,,$(Shared),3/1/07 6:50:24 AM,57344,11.5.8.826
File48=@u2dpost.dll,$(CommonFiles)\Crystal Decisions\2.5\bin,,$(Shared),2/3/01 8:05:56 AM,102400,8.5.0.61
File49=@u2ddisk.dll,$(CommonFiles)\Crystal Decisions\2.5\bin,,$(Shared),12/10/03 2:25:04 AM,49152,10.0.0.554
File50=@MSVCRT.DLL,$(WinSysPath),,$(Shared),2/17/04 12:00:00 AM,278581,6.0.9782.0
File51=@Implode.dll,$(CommonFiles)\Crystal Decisions\2.5\bin,,$(Shared),1/6/03 10:20:14 AM,18944,1.0.0.1
File52=@crpe32.dll,$(WinSysPath),,$(Shared),2/9/01 8:43:51 PM,4587577,8.5.0.217
File53=@Crystl32.OCX,$(WinSysPath),$(DLLSelfRegister),$(Shared),3/30/00 10:12:00 PM,847324,8.0.0.4
File54=@DBGRID32.OCX,$(WinSysPath),$(DLLSelfRegister),$(Shared),6/24/98 1:00:00 AM,525352,5.1.81.4
File55=@MSMASK32.OCX,$(WinSysPath),$(DLLSelfRegister),$(Shared),3/9/04 12:00:00 AM,167968,6.0.84.18
File56=@RICHED32.DLL,$(WinSysPathSysFile),,,5/7/98 1:00:00 AM,174352,4.0.993.4
File57=@RICHTX32.OCX,$(WinSysPath),$(DLLSelfRegister),$(Shared),3/9/04 12:00:00 AM,212240,6.1.97.82
File58=@mscomct2.ocx,$(WinSysPath),$(DLLSelfRegister),$(Shared),4/15/14 5:15:58 AM,660120,6.1.98.39
File59=@TABCTL32.OCX,$(WinSysPath),$(DLLSelfRegister),$(Shared),3/9/04 12:00:00 AM,224016,6.1.97.82
File60=@MSFLXGRD.OCX,$(WinSysPath),$(DLLSelfRegister),$(Shared),6/11/08 3:02:50 PM,262144,6.1.98.6
File61=@COMDLG32.OCX,$(WinSysPath),$(DLLSelfRegister),$(Shared),3/9/04 12:00:00 AM,152848,6.1.97.82
File62=@cdosys.dll,$(WinSysPath),$(DLLSelfRegister),$(Shared),4/21/17 10:15:28 AM,805376,6.6.7601.23789
File63=@craxdui.dll,$(WinSysPath),$(DLLSelfRegister),$(Shared),3/1/07 10:02:50 AM,659456,11.5.8.826
File64=@swebrs.dll,$(WinSysPath),$(DLLSelfRegister),$(Shared),3/1/07 10:14:36 AM,216912,11.5.8.826
File65=@EXCEL.EXE,$(AppPath),,$(Shared),3/14/17 7:07:10 PM,18379480,12.0.6766.5000
File66=@msscript.ocx,$(WinSysPath),$(DLLSelfRegister),$(Shared),7/13/09 8:14:10 PM,95232,1.0.7600.16385
File67=@DPFPShrX.dll,$(WinSysPath),$(DLLSelfRegister),$(Shared),8/17/10 4:44:20 PM,169328,1.6.1.965
File68=@DPFPEngX.dll,$(WinSysPath),$(DLLSelfRegister),$(Shared),8/17/10 4:44:18 PM,198000,1.6.1.965
File69=@DPFPDevX.dll,$(WinSysPath),$(DLLSelfRegister),$(Shared),8/17/10 4:44:18 PM,222576,1.6.1.965
File70=@DPFPCtlX.dll,$(WinSysPath),$(DLLSelfRegister),$(Shared),8/17/10 4:44:18 PM,1058160,1.6.1.965
File71=@craxddrt.dll,$(WinSysPath),$(DLLSelfRegister),$(Shared),3/1/07 8:11:16 AM,13426688,11.5.8.826
File72=@zkemkeeper.dll,$(WinSysPath),$(DLLSelfRegister),$(Shared),7/9/10 5:25:10 PM,443392,6.0.0.0
File73=@CRViewer.dll,$(WinSysPath),$(DLLSelfRegister),$(Shared),3/1/07 9:14:04 AM,1353016,11.5.8.826
File74=@sviewhlp.dll,$(WinSysPath),$(DLLSelfRegister),$(Shared),3/1/07 9:14:22 AM,189240,11.5.8.826
File75=@AcroPDF.dll,$(WinSysPath),$(DLLSelfRegister),$(Shared),4/4/17 7:38:20 PM,479312,17.9.20044.25828
File76=@vbSendMail.dll,$(WinSysPath),$(DLLSelfRegister),$(Shared),9/5/03 6:11:28 PM,139264,3.6.0.5
File77=@crdeploy.reg,$(AppPath),,$(Shared),5/21/03 1:36:18 PM,162,0.0.0.0
File78=@keycode.dll,$(CommonFiles)\Crystal Decisions\2.5\bin,$(dllSelfRegister),$(Shared),12/10/03 12:59:38 AM,282694,10.0.0.363
File79=@crxf_xls.dll,$(CommonFiles)\Crystal Decisions\2.5\bin,,$(Shared),12/10/03 2:21:02 AM,475227,10.0.0.724
File80=@crxf_wordw.dll,$(CommonFiles)\Crystal Decisions\2.5\bin,,$(Shared),12/10/03 2:23:42 AM,176210,10.0.0.600
File81=@exlate32.dll,$(CommonFiles)\Crystal Decisions\2.5\bin,,$(Shared),2/3/01 3:26:52 AM,663609,8.5.0.217
File82=@querybuilder.dll,$(CommonFiles)\Crystal Decisions\2.5\bin,,$(Shared),12/10/03 12:26:18 AM,163911,10.0.0.617
File83=@crdb_odbc.dll,$(CommonFiles)\Crystal Decisions\2.5\bin,,$(Shared),12/10/03 12:29:30 AM,391234,10.0.0.733
File84=@crdb_dao.dll,$(CommonFiles)\Crystal Decisions\2.5\bin,,$(Shared),12/10/03 12:28:40 AM,200768,10.0.0.604
File85=@crdb_ado.dll,$(CommonFiles)\Crystal Decisions\2.5\bin,,$(Shared),12/10/03 12:26:48 AM,401472,10.0.0.645
File86=@crqe.dll,$(CommonFiles)\Crystal Decisions\2.5\bin,$(dllSelfRegister),$(Shared),12/13/03 1:05:52 AM,2031685,10.0.0.861
File87=@u25samp1.dll,$(CommonFiles)\Crystal Decisions\2.5\bin,,$(Shared),12/10/03 2:48:12 AM,28741,10.0.0.22
File88=@u2lfinra.dll,$(CommonFiles)\Crystal Decisions\2.5\bin,,$(Shared),12/10/03 2:48:04 AM,102469,10.0.0.9
File89=@u2lexch.dll,$(CommonFiles)\Crystal Decisions\2.5\bin,,$(Shared),12/10/03 2:47:56 AM,32833,10.0.0.21
File90=@ufmanager.dll,$(CommonFiles)\Crystal Decisions\2.5\bin,,$(Shared),12/10/03 2:48:52 AM,438354,10.0.0.30
File91=@crtowords_en.dll,$(CommonFiles)\Crystal Decisions\2.5\bin,,$(Shared),12/10/03 12:12:56 AM,24576,10.0.0.16
File92=@craxdrt.dll,$(CommonFiles)\Crystal Decisions\2.5\bin,$(dllSelfRegister),$(Shared),12/10/03 2:01:38 AM,7692369,10.0.0.533
File93=@msxml.DLL,$(WinSysPath),$(DLLSelfRegister),$(Shared),4/14/08 7:00:00 AM,506368,8.0.7002.0
File94=@msxml4.dll,$(WinSysPath),$(DLLSelfRegister),$(Shared),7/21/09 1:05:40 AM,1348432,4.20.9876.0
File95=@MSSTDFMT.DLL,$(WinSysPath),$(DLLSelfRegister),$(Shared),3/31/14 10:46:48 PM,130712,6.1.98.39
File96=@VB5DB.DLL,$(WinSysPath),,$(Shared),6/18/98 1:00:00 AM,89360,6.0.81.69
File97=@msjtes40.dll,$(WinSysPathSysFile),$(DLLSelfRegister),,7/13/09 8:15:45 PM,290816,4.0.9756.0
File98=@msrepl40.dll,$(WinSysPathSysFile),,,7/13/09 8:15:47 PM,643072,4.0.9756.0
File99=@msrd3x40.dll,$(WinSysPathSysFile),$(DLLSelfRegister),,7/13/09 8:15:47 PM,344064,4.0.9756.0
File100=@msrd2x40.dll,$(WinSysPathSysFile),$(DLLSelfRegister),,7/13/09 8:15:47 PM,319488,4.0.9756.0
File101=@mswdat10.dll,$(WinSysPathSysFile),,,7/13/09 8:15:51 PM,856064,4.0.9756.0
File102=@mswstr10.dll,$(WinSysPathSysFile),,,7/13/09 8:15:51 PM,618496,4.0.9756.0
File103=@expsrv.dll,$(WinSysPathSysFile),,,7/13/09 8:15:20 PM,380957,6.0.72.9589
File104=@vbajet32.dll,$(WinSysPathSysFile),,,7/13/09 8:16:17 PM,30749,6.0.1.9431
File105=@msjint40.dll,$(WinSysPathSysFile),,,7/13/09 8:15:45 PM,24576,4.0.9756.0
File106=@msjter40.dll,$(WinSysPathSysFile),,,7/13/09 8:15:45 PM,61440,4.0.9756.0
File107=@msjet40.dll,$(WinSysPathSysFile),$(DLLSelfRegister),,7/13/09 8:15:44 PM,1589248,4.0.9756.0
File108=@dao360.dll,$(MSDAOPath),$(DLLSelfRegister),$(Shared),7/13/09 7:15:08 PM,610304,3.60.9756.0
File109=@RDOCURS.DLL,$(WinSysPath),,$(Shared),4/3/00 5:52:54 PM,151552,6.0.88.4
File110=@MSRDO20.DLL,$(WinSysPath),$(DLLSelfRegister),$(Shared),2/23/04 12:00:00 AM,397824,6.1.97.82
File111=@odbccp32.dll,$(WinSysPath),,$(Shared),6/15/11 3:55:19 AM,122880,6.1.7601.17632
File112=@shlwapi.dll,$(WinSysPath),,$(Shared),11/20/10 10:23:48 PM,350208,6.1.7601.17514
File113=@SRG_Recursos_Humanos.exe,$(AppPath),,,6/20/17 12:47:46 PM,8843264,1.0.0.124

; The following lines may be deleted in order to obtain extra 
; space for customizing this file on a full installation diskette.
; 
; XXXXXXXXXXXXXXXXXXXXXXXXXXXXXXXXXXXXXXXXXXXXXXXXXXXXXXXXXXXX
; XXXXXXXXXXXXXXXXXXXXXXXXXXXXXXXXXXXXXXXXXXXXXXXXXXXXXXXXXXXX
; XXXXXXXXXXXXXXXXXXXXXXXXXXXXXXXXXXXXXXXXXXXXXXXXXXXXXXXXXXXX
; XXXXXXXXXXXXXXXXXXXXXXXXXXXXXXXXXXXXXXXXXXXXXXXXXXXXXXXXXXXX
; XXXXXXXXXXXXXXXXXXXXXXXXXXXXXXXXXXXXXXXXXXXXXXXXXXXXXXXXXXXX
; XXXXXXXXXXXXXXXXXXXXXXXXXXXXXXXXXXXXXXXXXXXXXXXXXXXXXXXXXXXX
; XXXXXXXXXXXXXXXXXXXXXXXXXXXXXXXXXXXXXXXXXXXXXXXXXXXXXXXXXXXX
; XXXXXXXXXXXXXXXXXXXXXXXXXXXXXXXXXXXXXXXXXXXXXXXXXXXXXXXXXXXX
; XXXXXXXXXXXXXXXXXXXXXXXXXXXXXXXXXXXXXXXXXXXXXXXXXXXXXXXXXXXX
; XXXXXXXXXXXXXXXXXXXXXXXXXXXXXXXXXXXXXXXXXXXXXXXXXXXXXXXXXXXX
; XXXXXXXXXXXXXXXXXXXXXXXXXXXXXXXXXXXXXXXXXXXXXXXXXXXXXXXXXXXX
; XXXXXXXXXXXXXXXXXXXXXXXXXXXXXXXXXXXXXXXXXXXXXXXXXXXXXXXXXXXX
; XXXXXXXXXXXXXXXXXXXXXXXXXXXXXXXXXXXXXXXXXXXXXXXXXXXXXXXXXXXX
; XXXXXXXXXXXXXXXXXXXXXXXXXXXXXXXXXXXXXXXXXXXXXXXXXXXXXXXXXXXX
; XXXXXXXXXXXXXXXXXXXXXXXXXXXXXXXXXXXXXXXXXXXXXXXXXXXXXXXXXXXX
; XXXXXXXXXXXXXXXXXXXXXXXXXXXXXXXXXXXXXXXXXXXXXXXXXXXXXXXXXXXX
; XXXXXXXXXXXXXXXXXXXXXXXXXXXXXXXXXXXXXXXXXXXXXXXXXXXXXXXXXXXX
; XXXXXXXXXXXXXXXXXXXXXXXXXXXXXXXXXXXXXXXXXXXXXXXXXXXXXXXXXXXX
; XXXXXXXXXXXXXXXXXXXXXXXXXXXXXXXXXXXXXXXXXXXXXXXXXXXXXXXXXXXX
; XXXXXXXXXXXXXXXXXXXXXXXXXXXXXXXXXXXXXXXXXXXXXXXXXXXXXXXXXXXX
; XXXXXXXXXXXXXXXXXXXXXXXXXXXXXXXXXXXXXXXXXXXXXXXXXXXXXXXXXXXX
; XXXXXXXXXXXXXXXXXXXXXXXXXXXXXXXXXXXXXXXXXXXXXXXXXXXXXXXXXXXX
; XXXXXXXXXXXXXXXXXXXXXXXXXXXXXXXXXXXXXXXXXXXXXXXXXXXXXXXXXXXX
; XXXXXXXXXXXXXXXXXXXXXXXXXXXXXXXXXXXXXXXXXXXXXXXXXXXXXXXXXXXX
; XXXXXXXXXXXXXXXXXXXXXXXXXXXXXXXXXXXXXXXXXXXXXXXXXXXXXXXXXXXX
; XXXXXXXXXXXXXXXXXXXXXXXXXXXXXXXXXXXXXXXXXXXXXXXXXXXXXXXXXXXX
; XXXXXXXXXXXXXXXXXXXXXXXXXXXXXXXXXXXXXXXXXXXXXXXXXXXXXXXXXXXX
; XXXXXXXXXXXXXXXXXXXXXXXXXXXXXXXXXXXXXXXXXXXXXXXXXXXXXXXXXXXX
; XXXXXXXXXXXXXXXXXXXXXXXXXXXXXXXXXXXXXXXXXXXXXXXXXXXXXXXXXXXX
; XXXXXXXXXXXXXXXXXXXXXXXXXXXXXXXXXXXXXXXXXXXXXXXXXXXXXXXXXXXX
; XXXXXXXXXXXXXXXXXXXXXXXXXXXXXXXXXXXXXXXXXXXXXXXXXXXXXXXXXXXX
; XXXXXXXXXXXXXXXXXXXXXXXXXXXXXXXXXXXXXXXXXXXXXXXXXXXXXXXXXXXX
; XXXXXXXXXXXXXXXXXXXXXXXXXXXXXXXXXXXXXXXXXXXXXXXXXXXXXXXXXXXX
; XXXXXXXXXXXXXXXXXXXXXXXXXXXXXXXXXXXXXXXXXXXXXXXXXXXXXXXXXXXX
; XXXXXXXXXXXXXXXXXXXXXXXXXXXXXXXXXXXXXXXXXXXXXXXXXXXXXXXXXXXX
